// Jest Snapshot v1, https://goo.gl/fbAQLP

exports[`VideosCard component should have on tag active 1`] = `
ShallowWrapper {
  "complexSelector": ComplexSelector {
    "buildPredicate": [Function],
    "childrenOfNode": [Function],
    "findWhereUnwrapped": [Function],
  },
  "length": 1,
  "node": <Card>
    <CardContent>
        <CardHeader
            style={
                Object {
                    "display": "flex",
                  }
            }
        >
            <Input
                name="textInput"
                onChange={[Function]}
                onKeyDown={[Function]}
                placeholder="place here url of video..."
                type="text"
            >
                <input />
            </Input>
            <Button
                as="button"
                icon="plus"
                onClick={[Function]}
                style={
                    Object {
                        "margin": "0 0 0 5px",
                      }
                }
            />
        </CardHeader>
    </CardContent>
    <CardContent>
        <List>
            <ListItem
                as="span"
            >
                <ListIcon
                    name="remove"
                    onClick={[Function]}
                />
                <ListContent
                    style={
                        Object {
                            "color": "blue",
                            "fontWeight": "700",
                          }
                    }
                >
                    Curse Of Black Pearl
                     
                    1
                </ListContent>
            </ListItem>
            <ListItem
                as="span"
            >
                <ListIcon
                    name="remove"
                    onClick={[Function]}
                />
                <ListContent
                    style={null}
                >
                    Sleepy Hollow
                     
                    2
                </ListContent>
            </ListItem>
            <ListItem
                as="span"
            >
                <ListIcon
                    name="remove"
                    onClick={[Function]}
                />
                <ListContent
                    style={null}
                >
                    Eduward Scissorhands
                     
                    16
                </ListContent>
            </ListItem>
        </List>
    </CardContent>
</Card>,
  "nodes": Array [
    <Card>
      <CardContent>
            <CardHeader
                  style={
                        Object {
                              "display": "flex",
                            }
                  }
            >
                  <Input
                        name="textInput"
                        onChange={[Function]}
                        onKeyDown={[Function]}
                        placeholder="place here url of video..."
                        type="text"
                  >
                        <input />
                  </Input>
                  <Button
                        as="button"
                        icon="plus"
                        onClick={[Function]}
                        style={
                              Object {
                                    "margin": "0 0 0 5px",
                                  }
                        }
                  />
            </CardHeader>
      </CardContent>
      <CardContent>
            <List>
                  <ListItem
                        as="span"
                  >
                        <ListIcon
                              name="remove"
                              onClick={[Function]}
                        />
                        <ListContent
                              style={
                                    Object {
                                          "color": "blue",
                                          "fontWeight": "700",
                                        }
                              }
                        >
                              Curse Of Black Pearl
                               
                              1
                        </ListContent>
                  </ListItem>
                  <ListItem
                        as="span"
                  >
                        <ListIcon
                              name="remove"
                              onClick={[Function]}
                        />
                        <ListContent
                              style={null}
                        >
                              Sleepy Hollow
                               
                              2
                        </ListContent>
                  </ListItem>
                  <ListItem
                        as="span"
                  >
                        <ListIcon
                              name="remove"
                              onClick={[Function]}
                        />
                        <ListContent
                              style={null}
                        >
                              Eduward Scissorhands
                               
                              16
                        </ListContent>
                  </ListItem>
            </List>
      </CardContent>
</Card>,
  ],
  "options": Object {},
  "renderer": ReactShallowRenderer {
    "_instance": ShallowComponentWrapper {
      "_calledComponentWillUnmount": false,
      "_compositeType": 0,
      "_context": Object {},
      "_currentElement": <VideosCard
        onTagAdded={[Function]}
        onVideoRemoved={[Function]}
        tag="tag01"
        videos={
                Array [
                        Object {
                          "duration": 1,
                          "fieldValue": "tag01",
                          "title": "Curse Of Black Pearl",
                        },
                        Object {
                          "duration": 2,
                          "fieldValue": "tag02",
                          "title": "Sleepy Hollow",
                        },
                        Object {
                          "duration": 16,
                          "fieldValue": "tag03",
                          "title": "Eduward Scissorhands",
                        },
                      ]
        }
/>,
      "_debugID": 3,
      "_hostContainerInfo": null,
      "_hostParent": null,
      "_instance": VideosCard {
        "_reactInternalInstance": [Circular],
        "context": Object {},
        "onSortEnd": [Function],
        "props": Object {
          "onTagAdded": [Function],
          "onVideoRemoved": [Function],
          "tag": "tag01",
          "videos": Array [
            Object {
              "duration": 1,
              "fieldValue": "tag01",
              "title": "Curse Of Black Pearl",
            },
            Object {
              "duration": 2,
              "fieldValue": "tag02",
              "title": "Sleepy Hollow",
            },
            Object {
              "duration": 16,
              "fieldValue": "tag03",
              "title": "Eduward Scissorhands",
            },
          ],
        },
        "refs": Object {},
        "state": Object {
          "textInput": "",
          "videos": Array [
            Object {
              "duration": 1,
              "fieldValue": "tag01",
              "title": "Curse Of Black Pearl",
            },
            Object {
              "duration": 2,
              "fieldValue": "tag02",
              "title": "Sleepy Hollow",
            },
            Object {
              "duration": 16,
              "fieldValue": "tag03",
              "title": "Eduward Scissorhands",
            },
          ],
        },
        "updater": Object {
          "enqueueCallback": [Function],
          "enqueueCallbackInternal": [Function],
          "enqueueElementInternal": [Function],
          "enqueueForceUpdate": [Function],
          "enqueueReplaceState": [Function],
          "enqueueSetState": [Function],
          "isMounted": [Function],
          "validateCallback": [Function],
        },
      },
      "_mountOrder": 2,
      "_pendingCallbacks": null,
      "_pendingElement": null,
      "_pendingForceUpdate": false,
      "_pendingReplaceState": false,
      "_pendingStateQueue": null,
      "_renderedComponent": NoopInternalComponent {
        "_currentElement": <Card>
          <CardContent>
                    <CardHeader
                              style={
                                        Object {
                                                  "display": "flex",
                                                }
                              }
                    >
                              <Input
                                        name="textInput"
                                        onChange={[Function]}
                                        onKeyDown={[Function]}
                                        placeholder="place here url of video..."
                                        type="text"
                              >
                                        <input />
                              </Input>
                              <Button
                                        as="button"
                                        icon="plus"
                                        onClick={[Function]}
                                        style={
                                                  Object {
                                                            "margin": "0 0 0 5px",
                                                          }
                                        }
                              />
                    </CardHeader>
          </CardContent>
          <CardContent>
                    <List>
                              <ListItem
                                        as="span"
                              >
                                        <ListIcon
                                                  name="remove"
                                                  onClick={[Function]}
                                        />
                                        <ListContent
                                                  style={
                                                            Object {
                                                                      "color": "blue",
                                                                      "fontWeight": "700",
                                                                    }
                                                  }
                                        >
                                                  Curse Of Black Pearl
                                                   
                                                  1
                                        </ListContent>
                              </ListItem>
                              <ListItem
                                        as="span"
                              >
                                        <ListIcon
                                                  name="remove"
                                                  onClick={[Function]}
                                        />
                                        <ListContent
                                                  style={null}
                                        >
                                                  Sleepy Hollow
                                                   
                                                  2
                                        </ListContent>
                              </ListItem>
                              <ListItem
                                        as="span"
                              >
                                        <ListIcon
                                                  name="remove"
                                                  onClick={[Function]}
                                        />
                                        <ListContent
                                                  style={null}
                                        >
                                                  Eduward Scissorhands
                                                   
                                                  16
                                        </ListContent>
                              </ListItem>
                    </List>
          </CardContent>
</Card>,
        "_debugID": 4,
        "_renderedOutput": <Card>
          <CardContent>
                    <CardHeader
                              style={
                                        Object {
                                                  "display": "flex",
                                                }
                              }
                    >
                              <Input
                                        name="textInput"
                                        onChange={[Function]}
                                        onKeyDown={[Function]}
                                        placeholder="place here url of video..."
                                        type="text"
                              >
                                        <input />
                              </Input>
                              <Button
                                        as="button"
                                        icon="plus"
                                        onClick={[Function]}
                                        style={
                                                  Object {
                                                            "margin": "0 0 0 5px",
                                                          }
                                        }
                              />
                    </CardHeader>
          </CardContent>
          <CardContent>
                    <List>
                              <ListItem
                                        as="span"
                              >
                                        <ListIcon
                                                  name="remove"
                                                  onClick={[Function]}
                                        />
                                        <ListContent
                                                  style={
                                                            Object {
                                                                      "color": "blue",
                                                                      "fontWeight": "700",
                                                                    }
                                                  }
                                        >
                                                  Curse Of Black Pearl
                                                   
                                                  1
                                        </ListContent>
                              </ListItem>
                              <ListItem
                                        as="span"
                              >
                                        <ListIcon
                                                  name="remove"
                                                  onClick={[Function]}
                                        />
                                        <ListContent
                                                  style={null}
                                        >
                                                  Sleepy Hollow
                                                   
                                                  2
                                        </ListContent>
                              </ListItem>
                              <ListItem
                                        as="span"
                              >
                                        <ListIcon
                                                  name="remove"
                                                  onClick={[Function]}
                                        />
                                        <ListContent
                                                  style={null}
                                        >
                                                  Eduward Scissorhands
                                                   
                                                  16
                                        </ListContent>
                              </ListItem>
                    </List>
          </CardContent>
</Card>,
      },
      "_renderedNodeType": 1,
      "_rootNodeID": 0,
      "_topLevelWrapper": null,
      "_updateBatchNumber": null,
      "_warnedAboutRefsInRender": false,
    },
    "getRenderOutput": [Function],
    "render": [Function],
  },
  "root": [Circular],
  "unrendered": <VideosCard
    onTagAdded={[Function]}
    onVideoRemoved={[Function]}
    tag="tag01"
    videos={
        Array [
            Object {
              "duration": 1,
              "fieldValue": "tag01",
              "title": "Curse Of Black Pearl",
            },
            Object {
              "duration": 2,
              "fieldValue": "tag02",
              "title": "Sleepy Hollow",
            },
            Object {
              "duration": 16,
              "fieldValue": "tag03",
              "title": "Eduward Scissorhands",
            },
          ]
    }
/>,
}
`;
